// Jest Snapshot v1, https://goo.gl/fbAQLP

exports[`EditListingDescriptionForm matches snapshot 1`] = `
<form
  action="/"
  className=""
  method="post"
  onSubmit={[Function]}
>
  <div
    className=""
  >
    <label
      htmlFor="title"
    >
      EditListingDescriptionForm.title
    </label>
    <input
      autoFocus={true}
      className=""
      id="title"
      maxLength={60}
      name="title"
      onBlur={[Function]}
      onChange={[Function]}
      onFocus={[Function]}
      placeholder="EditListingDescriptionForm.titlePlaceholder"
      type="text"
      value=""
    />
  </div>
  <div
    className=""
  >
    <label
      htmlFor="make"
    >
      EditListingDescriptionForm.makeLabel
    </label>
    <select
      className=""
      id="make"
      name="make"
      onBlur={[Function]}
      onChange={[Function]}
      onFocus={[Function]}
      value=""
    >
      <option
        disabled={true}
        value=""
      >
        EditListingDescriptionForm.makePlaceholder
      </option>
      <option
        key="audi"
        value="audi"
      >
        Audi
      </option>
      <option
        key="alvis"
        value="alvis"
      >
        Alvis
      </option>
    </select>
  </div>
  <div
    className=""
  >
    <label
      htmlFor="model"
    >
      EditListingDescriptionForm.model
    </label>
    <input
      className=""
      id="model"
      name="model"
      onBlur={[Function]}
      onChange={[Function]}
      onFocus={[Function]}
      placeholder="EditListingDescriptionForm.modelPlaceholder"
      type="text"
      value=""
    />
  </div>
  <div
    className=""
  >
    <label
      htmlFor="year"
    >
      EditListingDescriptionForm.yearLabel
    </label>
    <select
      className=""
      id="year"
      name="year"
      onBlur={[Function]}
      onChange={[Function]}
      onFocus={[Function]}
      value=""
    >
      <option
        disabled={true}
        value=""
      >
        EditListingDescriptionForm.yearPlaceholder
      </option>
      <option
        key="2004"
        value={2004}
      >
        2004
      </option>
      <option
        key="2003"
        value={2003}
      >
        2003
      </option>
    </select>
  </div>
  <div
    className=""
  >
    <label
      htmlFor="description"
    >
      EditListingDescriptionForm.description
    </label>
    <textarea
      className="undefined"
      id="description"
      maxLength={5000}
      name="description"
      onBlur={[Function]}
      onChange={[Function]}
      onFocus={[Function]}
      placeholder="EditListingDescriptionForm.descriptionPlaceholder"
      rows={1}
      value=""
    />
  </div>
  <button
    className=""
    disabled={true}
    type="submit"
  >
    Save description
  </button>
</form>
`;
