// Jest Snapshot v1, https://goo.gl/fbAQLP

exports[`SectionHero matches snapshot 1`] = `
<div
  className=""
>
  <div>
    <h1>
      <span>
        SectionHero.title
      </span>
    </h1>
    <h2>
      <span>
        SectionHero.subTitle
      </span>
    </h2>
    <Link
      className=""
      style={Object {}}
      title={null}
      to={
        Object {
          "pathname": "/s",
          "search": "address=UK&bounds=58.442019%2C2.002627%2C49.906251%2C-6.296976,
        }
      }
    >
      <LinkAnchor
        className=""
        href="/s?address=UK&bounds=58.442019%2C2.002627%2C49.906251%2C-6.296976"
        54.2355576,-3.5326976 49.831608 2.485801
        navigate={[Function]}
        style={Object {}}
        title={null}
      >
        <a
          className=""
          href="/s?address=UK&bounds=58.442019%2C2.002627%2C49.906251%2C-6.296976"
          onClick={[Function]}
          style={Object {}}
          title={null}
        >
          <span>
            SectionHero.browseButton
          </span>
        </a>
      </LinkAnchor>
    </Link>
  </div>
</div>
`;
