// Jest Snapshot v1, https://goo.gl/fbAQLP

exports[`SectionHero matches snapshot 1`] = `
<div
  className=""
>
  <div>
    <h1>
      <span>
        SectionHero.title
      </span>
    </h1>
    <h2>
      <span>
        SectionHero.subTitle
      </span>
    </h2>
    <Link
      className=""
      style={Object {}}
      title={null}
      to={
        Object {
          "pathname": "/s",
          "search": "address=Newbury&bounds=51.416825%2C-1.311836%2C51.396002%2C-1.343088",
        }
      }
    >
      <LinkAnchor
        className=""
        href="/s?address=Newbury&bounds=51.416825%2C-1.311836%2C51.396002%2C-1.343088"
        navigate={[Function]}
        style={Object {}}
        title={null}
      >
        <a
          className=""
          href="/s?address=Newbury&bounds=51.416825%2C-1.311836%2C51.396002%2C-1.343088"
          onClick={[Function]}
          style={Object {}}
          title={null}
        >
          <span>
            SectionHero.browseButton
          </span>
        </a>
      </LinkAnchor>
    </Link>
  </div>
</div>
`;
